$ prisma generate
Prisma schema loaded from prisma/schema.prisma

✔ Generated Prisma Client (4.16.2 | library) to ./node_modules/@prisma/client in 460ms
You can now start using Prisma Client in your code. Reference: https://pris.ly/d/client
```
import { PrismaClient } from '@prisma/client'
const prisma = new PrismaClient()
```
$ next build && cpx ".next/static/**/*" .next/standalone/.next/static && cpx "public/**/*" .next/standalone/public
▲ Next.js 16.1.3 (Turbopack)

  Creating an optimized production build ...
✓ Compiled successfully in 2.0min
  Running TypeScript ...
  Collecting page data using 3 workers ...
Supabase environment variables are missing. Ensure NEXT_PUBLIC_SUPABASE_URL and NEXT_PUBLIC_SUPABASE_ANON_KEY are set in your environment.
Supabase environment variables are missing. Ensure NEXT_PUBLIC_SUPABASE_URL and NEXT_PUBLIC_SUPABASE_ANON_KEY are set in your environment.
Supabase environment variables are missing. Ensure NEXT_PUBLIC_SUPABASE_URL and NEXT_PUBLIC_SUPABASE_ANON_KEY are set in your environment.
  Generating static pages using 3 workers (0/31) ...
RSS API Error: Error: Dynamic server usage: Route /api/rss couldn't be rendered statically because it used `request.headers`. See more info here: https://nextjs.org/docs/messages/dynamic-server-error
    at v (.next/server/chunks/[root-of-the-server]__fcd816b2._.js:1:143395) {
  description: "Route /api/rss couldn't be rendered statically because it used `request.headers`. See more info here: https://nextjs.org/docs/messages/dynamic-server-error",
  digest: 'DYNAMIC_SERVER_USAGE'
}
  Generating static pages using 3 workers (7/31)
⚠ metadataBase property in metadata export is not set for resolving social open graph or twitter images, using "http://localhost:3000". See https://nextjs.org/docs/app/api-reference/functions/generate-metadata#metadatabase
Supabase environment variables are missing. Ensure NEXT_PUBLIC_SUPABASE_URL and NEXT_PUBLIC_SUPABASE_ANON_KEY are set in your environment.
⚠ metadataBase property in metadata export is not set for resolving social open graph or twitter images, using "http://localhost:3000". See https://nextjs.org/docs/app/api-reference/functions/generate-metadata#metadatabase
Supabase environment variables are missing. Ensure NEXT_PUBLIC_SUPABASE_URL and NEXT_PUBLIC_SUPABASE_ANON_KEY are set in your environment.
  Generating static pages using 3 workers (15/31)
  Generating static pages using 3 workers (23/31)
✓ Generating static pages using 3 workers (31/31) in 1220.7ms
  Finalizing page optimization ...

Route (app)
┌ ○ /
├ ○ /_not-found
├ ƒ /api
├ ƒ /api/academy/generate
├ ƒ /api/academy/review
├ ƒ /api/academy/review/[cardId]
├ ƒ /api/bot/chat
├ ƒ /api/cost-sheets/ai/chat
├ ƒ /api/cost-sheets/calculate
├ ƒ /api/cost-sheets/export-pdf
├ ƒ /api/cost-sheets/import-anexo
├ ƒ /api/cost-sheets/import-json
├ ƒ /api/cost-sheets/save
├ ƒ /api/inventory
├ ƒ /api/inventory/[productId]/history
├ ƒ /api/inventory/adjust
├ ƒ /api/inventory/adjustments
├ ƒ /api/inventory/products
├ ƒ /api/logs
├ ƒ /api/reports/generate
├ ƒ /api/rss
├ ƒ /api/sync/batch
├ ƒ /api/users/delete
├ ƒ /api/users/managed-create
├ ƒ /api/users/reset-password
├ ƒ /api/users/toggle-status
├ ○ /cashier/close-session
├ ○ /cost-sheets
├ ○ /demo/calculate
├ ○ /demo/executive
├ ○ /login
└ ○ /verify-dashboard


○  (Static)   prerendered as static content
ƒ  (Dynamic)  server-rendered on demand
