bun test v1.2.14 (6a363a38)

src/lib/ipv/__tests__/engine.test.ts:

# Unhandled error between tests
-------------------------------
error: Cannot find package 'uuid' from '/app/src/lib/ipv/engine.ts'
-------------------------------


 0 pass
 1 fail
 1 error
Ran 1 tests across 1 files. [1.58s]
