BEGIN
DROP TRIGGER
DROP FUNCTION
DROP FUNCTION
DROP FUNCTION
ALTER FUNCTION
ALTER FUNCTION
ALTER FUNCTION
ALTER TABLE
ALTER TABLE
ALTER TABLE
ALTER TABLE
DROP TABLE
DROP TABLE
DROP TABLE
DROP TABLE
DROP TABLE
DROP FUNCTION
CREATE FUNCTION
DROP FUNCTION
CREATE FUNCTION
psql:/home/z/my-project/w7-readiness/tmp/w7-rollback.sql:223: NOTICE:  function public.update_product_wac() does not exist, skipping
DROP FUNCTION
CREATE FUNCTION
DROP FUNCTION
CREATE FUNCTION
DROP FUNCTION
CREATE FUNCTION
DROP FUNCTION
CREATE FUNCTION
DROP FUNCTION
CREATE FUNCTION
DROP FUNCTION
CREATE FUNCTION
DROP FUNCTION
CREATE FUNCTION
DROP FUNCTION
CREATE FUNCTION
DROP FUNCTION
CREATE FUNCTION
DROP FUNCTION
CREATE FUNCTION
DROP FUNCTION
CREATE FUNCTION
DROP FUNCTION
CREATE FUNCTION
DROP FUNCTION
CREATE FUNCTION
DROP FUNCTION
CREATE FUNCTION
DROP FUNCTION
CREATE FUNCTION
DROP FUNCTION
CREATE FUNCTION
DROP FUNCTION
CREATE FUNCTION
DROP FUNCTION
CREATE FUNCTION
psql:/home/z/my-project/w7-readiness/tmp/w7-rollback.sql:2311: NOTICE:  drop cascades to trigger trg_validate_payment_invariants on table payment_transactions
DROP FUNCTION
CREATE FUNCTION
CREATE FUNCTION
DROP FUNCTION
CREATE FUNCTION
DROP FUNCTION
CREATE FUNCTION
DROP FUNCTION
CREATE FUNCTION
ALTER TABLE
DROP TRIGGER
CREATE TRIGGER
psql:/home/z/my-project/w7-readiness/tmp/w7-rollback.sql:2738: NOTICE:  trigger "trg_validate_payment_invariants" for relation "payment_transactions" does not exist, skipping
DROP TRIGGER
CREATE TRIGGER
DROP TRIGGER
CREATE TRIGGER
DROP TRIGGER
CREATE TRIGGER
DROP TRIGGER
CREATE TRIGGER
DROP TRIGGER
CREATE TRIGGER
DROP TRIGGER
CREATE TRIGGER
psql:/home/z/my-project/w7-readiness/tmp/w7-rollback.sql:2750: NOTICE:  trigger "trg_update_product_wac" for relation "receipt_items" does not exist, skipping
DROP TRIGGER
CREATE TRIGGER
DROP TRIGGER
CREATE TRIGGER
REVOKE
REVOKE
REVOKE
REVOKE
REVOKE
REVOKE
REVOKE
REVOKE
GRANT
GRANT
GRANT
REVOKE
REVOKE
REVOKE
REVOKE
REVOKE
REVOKE
GRANT
GRANT
GRANT
GRANT
GRANT
REVOKE
REVOKE
REVOKE
REVOKE
REVOKE
REVOKE
REVOKE
REVOKE
GRANT
GRANT
GRANT
REVOKE
REVOKE
REVOKE
REVOKE
REVOKE
REVOKE
REVOKE
REVOKE
GRANT
GRANT
GRANT
REVOKE
REVOKE
REVOKE
REVOKE
REVOKE
REVOKE
REVOKE
GRANT
GRANT
GRANT
GRANT
REVOKE
REVOKE
REVOKE
REVOKE
REVOKE
REVOKE
REVOKE
REVOKE
GRANT
GRANT
GRANT
REVOKE
REVOKE
REVOKE
REVOKE
REVOKE
REVOKE
REVOKE
REVOKE
GRANT
GRANT
GRANT
REVOKE
REVOKE
REVOKE
REVOKE
REVOKE
REVOKE
REVOKE
GRANT
GRANT
GRANT
GRANT
REVOKE
REVOKE
REVOKE
REVOKE
REVOKE
REVOKE
REVOKE
REVOKE
GRANT
GRANT
GRANT
REVOKE
REVOKE
REVOKE
REVOKE
REVOKE
REVOKE
REVOKE
REVOKE
GRANT
GRANT
GRANT
REVOKE
REVOKE
REVOKE
REVOKE
REVOKE
REVOKE
REVOKE
REVOKE
GRANT
GRANT
GRANT
REVOKE
REVOKE
REVOKE
REVOKE
REVOKE
REVOKE
REVOKE
REVOKE
GRANT
GRANT
GRANT
REVOKE
REVOKE
REVOKE
REVOKE
REVOKE
REVOKE
REVOKE
REVOKE
GRANT
GRANT
GRANT
REVOKE
REVOKE
REVOKE
REVOKE
REVOKE
REVOKE
GRANT
GRANT
GRANT
GRANT
GRANT
REVOKE
REVOKE
REVOKE
REVOKE
REVOKE
REVOKE
REVOKE
REVOKE
GRANT
GRANT
GRANT
REVOKE
REVOKE
REVOKE
REVOKE
REVOKE
REVOKE
GRANT
GRANT
GRANT
GRANT
GRANT
REVOKE
REVOKE
REVOKE
REVOKE
REVOKE
REVOKE
REVOKE
GRANT
GRANT
GRANT
GRANT
REVOKE
REVOKE
REVOKE
REVOKE
REVOKE
REVOKE
REVOKE
REVOKE
GRANT
GRANT
GRANT
REVOKE
REVOKE
REVOKE
REVOKE
REVOKE
REVOKE
REVOKE
REVOKE
GRANT
GRANT
GRANT
REVOKE
REVOKE
REVOKE
REVOKE
REVOKE
REVOKE
GRANT
GRANT
GRANT
GRANT
GRANT
REVOKE
REVOKE
REVOKE
REVOKE
REVOKE
REVOKE
GRANT
GRANT
GRANT
GRANT
GRANT
REVOKE
REVOKE
REVOKE
REVOKE
REVOKE
REVOKE
REVOKE
REVOKE
REVOKE
GRANT
GRANT
REVOKE
REVOKE
REVOKE
REVOKE
REVOKE
REVOKE
REVOKE
REVOKE
REVOKE
GRANT
GRANT
REVOKE
REVOKE
REVOKE
REVOKE
REVOKE
REVOKE
REVOKE
REVOKE
REVOKE
GRANT
GRANT
COMMIT
