
> nextjs_tailwind_shadcn_ts@5.7.25 prebuild
> prisma generate

sh: 1: prisma: not found
